"C:/Users/ethanhead/Desktop/gen3-cam-fw/crosslink_U3v_Project/u3v_live_aud_nd_vid_explorer_des/source/rtl/gpif_interface_mod.v=work,Verilog 2001"
"C:/Users/ethanhead/Desktop/gen3-cam-fw/crosslink_U3v_Project/u3v_live_aud_nd_vid_explorer_des/source/rtl/gpif_interface_top.v=work,Verilog 2001"
"C:/Users/ethanhead/Desktop/gen3-cam-fw/crosslink_U3v_Project/u3v_live_aud_nd_vid_explorer_des/source/rtl/mipidphy2cmos.v=work,Verilog 2001"
"C:/Users/ethanhead/Desktop/gen3-cam-fw/crosslink_U3v_Project/u3v_live_aud_nd_vid_explorer_des/source/rtl/reset_bridge.v=work,Verilog 2001"
"C:/Users/ethanhead/Desktop/gen3-cam-fw/crosslink_U3v_Project/u3v_live_aud_nd_vid_explorer_des/source/rtl/topmod.v=work,Verilog 2001"
"C:/Users/ethanhead/Desktop/gen3-cam-fw/crosslink_U3v_Project/u3v_live_aud_nd_vid_explorer_des/source/rtl/vid_buf_mod.v=work,Verilog 2001"
"C:/Users/ethanhead/Desktop/gen3-cam-fw/crosslink_U3v_Project/u3v_live_aud_nd_vid_explorer_des/source/ip/byte_pixel/byte2pix/byte2pix.v=work,Verilog 2001"
"C:/Users/ethanhead/Desktop/gen3-cam-fw/crosslink_U3v_Project/u3v_live_aud_nd_vid_explorer_des/source/ip/byte_pixel/byte2pix/byte2pix_byte2pixel.v=work,Verilog 2001"
"C:/Users/ethanhead/Desktop/gen3-cam-fw/crosslink_U3v_Project/u3v_live_aud_nd_vid_explorer_des/source/ip/byte_pixel/byte_pixel.v=work,Verilog 2001"
"C:/Users/ethanhead/Desktop/gen3-cam-fw/crosslink_U3v_Project/u3v_live_aud_nd_vid_explorer_des/source/ip/rx_dphy_ip/csi_dphy_rx/csi_dphy_rx.v=work,Verilog 2001"
"C:/Users/ethanhead/Desktop/gen3-cam-fw/crosslink_U3v_Project/u3v_live_aud_nd_vid_explorer_des/source/ip/rx_dphy_ip/csi_dphy_rx/csi_dphy_rx_dphy_rx.v=work,Verilog 2001"
"C:/Users/ethanhead/Desktop/gen3-cam-fw/crosslink_U3v_Project/u3v_live_aud_nd_vid_explorer_des/source/ip/rx_dphy_ip/csi_dphy_rx/csi_dphy_rx_capture_ctrl.v=work,Verilog 2001"
"C:/Users/ethanhead/Desktop/gen3-cam-fw/crosslink_U3v_Project/u3v_live_aud_nd_vid_explorer_des/source/ip/rx_dphy_ip/csi_dphy_rx/csi_dphy_rx_dphy_wrapper.v=work,Verilog 2001"
"C:/Users/ethanhead/Desktop/gen3-cam-fw/crosslink_U3v_Project/u3v_live_aud_nd_vid_explorer_des/source/ip/rx_dphy_ip/csi_dphy_rx/csi_dphy_rx_dphy_rx_wrap.v=work,Verilog 2001"
"C:/Users/ethanhead/Desktop/gen3-cam-fw/crosslink_U3v_Project/u3v_live_aud_nd_vid_explorer_des/source/ip/rx_dphy_ip/csi_dphy_rx/csi_dphy_rx_rx_global_ctrl.v=work,Verilog 2001"
"C:/Users/ethanhead/Desktop/gen3-cam-fw/crosslink_U3v_Project/u3v_live_aud_nd_vid_explorer_des/source/ip/rx_dphy_ip/csi_dphy_rx/csi_dphy_rx_soft_dphy_rx.v=work,Verilog 2001"
"C:/Users/ethanhead/Desktop/gen3-cam-fw/crosslink_U3v_Project/u3v_live_aud_nd_vid_explorer_des/source/ip/rx_dphy_ip/csi_dphy_rx/dphy_rx_eval/csi_dphy_rx/src/beh_rtl/capture_ctrl_beh.v=work,Verilog 2001"
"C:/Users/ethanhead/Desktop/gen3-cam-fw/crosslink_U3v_Project/u3v_live_aud_nd_vid_explorer_des/source/ip/rx_dphy_ip/csi_dphy_rx/dphy_rx_eval/csi_dphy_rx/src/beh_rtl/dphy_rx_wrap_beh.v=work,Verilog 2001"
"C:/Users/ethanhead/Desktop/gen3-cam-fw/crosslink_U3v_Project/u3v_live_aud_nd_vid_explorer_des/source/ip/rx_dphy_ip/csi_dphy_rx/dphy_rx_eval/csi_dphy_rx/src/beh_rtl/rx_global_ctrl_beh.v=work,Verilog 2001"
"C:/Users/ethanhead/Desktop/gen3-cam-fw/crosslink_U3v_Project/u3v_live_aud_nd_vid_explorer_des/source/ip/rx_dphy_ip/csi_dphy_rx/dphy_rx_eval/csi_dphy_rx/src/beh_rtl/soft_dphy_rx_beh.v=work,Verilog 2001"
"C:/Users/ethanhead/Desktop/gen3-cam-fw/crosslink_U3v_Project/u3v_live_aud_nd_vid_explorer_des/source/ip/rx_dphy_ip/csi_dphy_rx/dphy_rx_eval/testbench/csi_dphy_rx_tb.v=work,Verilog 2001"
"C:/Users/ethanhead/Desktop/gen3-cam-fw/crosslink_U3v_Project/u3v_live_aud_nd_vid_explorer_des/source/ip/rx_dphy_ip/rx_dphy_ip.v=work,Verilog 2001"
"C:/Users/ethanhead/Desktop/gen3-cam-fw/crosslink_U3v_Project/u3v_live_aud_nd_vid_explorer_des/source/ip/vid_buf_fifo/vid_fifo/vid_fifo.v=work,Verilog 2001"
"C:/Users/ethanhead/Desktop/gen3-cam-fw/crosslink_U3v_Project/u3v_live_aud_nd_vid_explorer_des/source/ip/vid_buf_fifo/vid_buf_fifo.v=work,Verilog 2001"
"C:/Users/ethanhead/Desktop/gen3-cam-fw/crosslink_U3v_Project/u3v_live_aud_nd_vid_explorer_des/source/ip/intermediate_dc_fifo/intermediate_dc_fifo.v=work,Verilog 2001"
"C:/Users/ethanhead/Desktop/gen3-cam-fw/crosslink_U3v_Project/u3v_live_aud_nd_vid_explorer_des/source/ip/ping_pong_buffer/ping_pong_buffer.v=work,Verilog 2001"
"C:/Users/ethanhead/Desktop/gen3-cam-fw/crosslink_U3v_Project/u3v_live_aud_nd_vid_explorer_des/source/rtl/mipi_ip_reset_manager.v=work,Verilog 2001"
"C:/Users/ethanhead/Desktop/gen3-cam-fw/crosslink_U3v_Project/u3v_live_aud_nd_vid_explorer_des/histo_calc.v=work,Verilog 2001"
"C:/Users/ethanhead/Desktop/gen3-cam-fw/crosslink_U3v_Project/u3v_live_aud_nd_vid_explorer_des/histo_serializer.v=work,Verilog 2001"
"C:/Users/ethanhead/Desktop/gen3-cam-fw/crosslink_U3v_Project/u3v_live_aud_nd_vid_explorer_des/histo_module.v=work,Verilog 2001"
"C:/Users/ethanhead/Desktop/gen3-cam-fw/crosslink_U3v_Project/u3v_live_aud_nd_vid_explorer_des/pll/pll.v=work,Verilog 2001"
"C:/Users/ethanhead/Desktop/gen3-cam-fw/crosslink_U3v_Project/u3v_live_aud_nd_vid_explorer_des/ram_dq_s/ram_dq_s.v=work,Verilog 2001"
"C:/Users/ethanhead/Desktop/gen3-cam-fw/crosslink_U3v_Project/u3v_live_aud_nd_vid_explorer_des/histo_module_tb.v=work,Verilog 2001"
"C:/Users/ethanhead/Desktop/gen3-cam-fw/crosslink_U3v_Project/u3v_live_aud_nd_vid_explorer_des/camera_data_gen.v=work,Verilog 2001"
